Heartbeat Sat May 16 13:07:02 UTC 2026
Heartbeat Thu May 21 14:49:39 UTC 2026
Heartbeat Tue May 26 14:52:50 UTC 2026
Heartbeat Sun May 31 13:22:42 UTC 2026
Heartbeat Mon Jun  1 17:23:57 UTC 2026
Heartbeat Sat Jun  6 13:16:31 UTC 2026
Heartbeat Thu Jun 11 15:42:15 UTC 2026
Heartbeat Tue Jun 16 16:29:34 UTC 2026
Heartbeat Sun Jun 21 13:53:35 UTC 2026
Heartbeat Fri Jun 26 14:09:38 UTC 2026
Heartbeat Wed Jul  1 14:18:53 UTC 2026
Heartbeat Mon Jul  6 15:17:34 UTC 2026
Heartbeat Sat Jul 11 13:02:39 UTC 2026
Heartbeat Thu Jul 16 13:27:12 UTC 2026
Heartbeat Tue Jul 21 13:22:33 UTC 2026
Heartbeat Sun Jul 26 13:04:37 UTC 2026
Heartbeat Fri Jul 31 13:47:24 UTC 2026
Heartbeat Sat Aug  1 13:03:05 UTC 2026
Heartbeat Thu Aug  6 13:47:23 UTC 2026
Heartbeat Tue Aug 11 12:47:21 UTC 2026
Heartbeat Sun Aug 16 12:23:55 UTC 2026
Heartbeat Fri Aug 21 12:31:51 UTC 2026
Heartbeat Wed Aug 26 12:36:29 UTC 2026
Heartbeat Mon Aug 31 18:33:49 UTC 2026
Heartbeat Tue Sep  1 15:52:43 UTC 2026
